Archive member included to satisfy reference by file (symbol)

d:/dev/arm/armgcc/bin/../lib/gcc/arm-none-eabi/5.3.1/../../../../arm-none-eabi/lib/armv7-m\libstdc++_nano.a(new_op.o)
                              ./src/main.o (operator new(unsigned int))
d:/dev/arm/armgcc/bin/../lib/gcc/arm-none-eabi/5.3.1/../../../../arm-none-eabi/lib/armv7-m\libstdc++_nano.a(new_handler.o)
                              d:/dev/arm/armgcc/bin/../lib/gcc/arm-none-eabi/5.3.1/../../../../arm-none-eabi/lib/armv7-m\libstdc++_nano.a(new_op.o) (std::get_new_handler())
d:/dev/arm/armgcc/bin/../lib/gcc/arm-none-eabi/5.3.1/../../../../arm-none-eabi/lib/armv7-m\libg_nano.a(lib_a-ctype_.o)
                              ./system/src/newlib/_syscalls.o (__ctype_ptr__)
d:/dev/arm/armgcc/bin/../lib/gcc/arm-none-eabi/5.3.1/../../../../arm-none-eabi/lib/armv7-m\libg_nano.a(lib_a-errno.o)
                              ./system/src/newlib/_sbrk.o (__errno)
d:/dev/arm/armgcc/bin/../lib/gcc/arm-none-eabi/5.3.1/../../../../arm-none-eabi/lib/armv7-m\libg_nano.a(lib_a-findfp.o)
                              ./system/src/newlib/_syscalls.o (__sinit)
d:/dev/arm/armgcc/bin/../lib/gcc/arm-none-eabi/5.3.1/../../../../arm-none-eabi/lib/armv7-m\libg_nano.a(lib_a-fwalk.o)
                              d:/dev/arm/armgcc/bin/../lib/gcc/arm-none-eabi/5.3.1/../../../../arm-none-eabi/lib/armv7-m\libg_nano.a(lib_a-findfp.o) (_fwalk)
d:/dev/arm/armgcc/bin/../lib/gcc/arm-none-eabi/5.3.1/../../../../arm-none-eabi/lib/armv7-m\libg_nano.a(lib_a-impure.o)
                              d:/dev/arm/armgcc/bin/../lib/gcc/arm-none-eabi/5.3.1/../../../../arm-none-eabi/lib/armv7-m\libg_nano.a(lib_a-findfp.o) (_global_impure_ptr)
d:/dev/arm/armgcc/bin/../lib/gcc/arm-none-eabi/5.3.1/../../../../arm-none-eabi/lib/armv7-m\libg_nano.a(lib_a-malloc.o)
                              d:/dev/arm/armgcc/bin/../lib/gcc/arm-none-eabi/5.3.1/../../../../arm-none-eabi/lib/armv7-m\libstdc++_nano.a(new_op.o) (malloc)
d:/dev/arm/armgcc/bin/../lib/gcc/arm-none-eabi/5.3.1/../../../../arm-none-eabi/lib/armv7-m\libg_nano.a(lib_a-memset.o)
                              ./system/src/newlib/_syscalls.o (memset)
d:/dev/arm/armgcc/bin/../lib/gcc/arm-none-eabi/5.3.1/../../../../arm-none-eabi/lib/armv7-m\libg_nano.a(lib_a-nano-freer.o)
                              d:/dev/arm/armgcc/bin/../lib/gcc/arm-none-eabi/5.3.1/../../../../arm-none-eabi/lib/armv7-m\libg_nano.a(lib_a-malloc.o) (_free_r)
d:/dev/arm/armgcc/bin/../lib/gcc/arm-none-eabi/5.3.1/../../../../arm-none-eabi/lib/armv7-m\libg_nano.a(lib_a-nano-mallocr.o)
                              d:/dev/arm/armgcc/bin/../lib/gcc/arm-none-eabi/5.3.1/../../../../arm-none-eabi/lib/armv7-m\libg_nano.a(lib_a-findfp.o) (_malloc_r)
d:/dev/arm/armgcc/bin/../lib/gcc/arm-none-eabi/5.3.1/../../../../arm-none-eabi/lib/armv7-m\libg_nano.a(lib_a-sbrkr.o)
                              d:/dev/arm/armgcc/bin/../lib/gcc/arm-none-eabi/5.3.1/../../../../arm-none-eabi/lib/armv7-m\libg_nano.a(lib_a-nano-mallocr.o) (_sbrk_r)
d:/dev/arm/armgcc/bin/../lib/gcc/arm-none-eabi/5.3.1/../../../../arm-none-eabi/lib/armv7-m\libg_nano.a(lib_a-stdio.o)
                              d:/dev/arm/armgcc/bin/../lib/gcc/arm-none-eabi/5.3.1/../../../../arm-none-eabi/lib/armv7-m\libg_nano.a(lib_a-findfp.o) (__sread)
d:/dev/arm/armgcc/bin/../lib/gcc/arm-none-eabi/5.3.1/../../../../arm-none-eabi/lib/armv7-m\libg_nano.a(lib_a-strcmp.o)
                              ./system/src/cortexm/exception_handlers.o (strcmp)
d:/dev/arm/armgcc/bin/../lib/gcc/arm-none-eabi/5.3.1/../../../../arm-none-eabi/lib/armv7-m\libg_nano.a(lib_a-strlen.o)
                              ./system/src/newlib/_syscalls.o (strlen)
d:/dev/arm/armgcc/bin/../lib/gcc/arm-none-eabi/5.3.1/../../../../arm-none-eabi/lib/armv7-m\libg_nano.a(lib_a-strncmp.o)
                              ./src/audio/wav.o (strncmp)
d:/dev/arm/armgcc/bin/../lib/gcc/arm-none-eabi/5.3.1/../../../../arm-none-eabi/lib/armv7-m\libg_nano.a(lib_a-strncpy.o)
                              ./system/src/newlib/_syscalls.o (strncpy)
d:/dev/arm/armgcc/bin/../lib/gcc/arm-none-eabi/5.3.1/../../../../arm-none-eabi/lib/armv7-m\libg_nano.a(lib_a-vsnprintf.o)
                              ./system/src/diag/Trace.o (vsnprintf)
d:/dev/arm/armgcc/bin/../lib/gcc/arm-none-eabi/5.3.1/../../../../arm-none-eabi/lib/armv7-m\libg_nano.a(lib_a-writer.o)
                              d:/dev/arm/armgcc/bin/../lib/gcc/arm-none-eabi/5.3.1/../../../../arm-none-eabi/lib/armv7-m\libg_nano.a(lib_a-stdio.o) (_write_r)
d:/dev/arm/armgcc/bin/../lib/gcc/arm-none-eabi/5.3.1/../../../../arm-none-eabi/lib/armv7-m\libg_nano.a(lib_a-closer.o)
                              d:/dev/arm/armgcc/bin/../lib/gcc/arm-none-eabi/5.3.1/../../../../arm-none-eabi/lib/armv7-m\libg_nano.a(lib_a-stdio.o) (_close_r)
d:/dev/arm/armgcc/bin/../lib/gcc/arm-none-eabi/5.3.1/../../../../arm-none-eabi/lib/armv7-m\libg_nano.a(lib_a-fflush.o)
[...]
Memory Configuration

Name             Origin             Length             Attributes
RAM              0x20000000         0x0000c000         xrw
CCMRAM           0x00000000         0x00000000         xrw
FLASH            0x08000000         0x00040000         xr
FLASHB1          0x00000000         0x00000000         xr
EXTMEMB0         0x00000000         0x00000000         xr
EXTMEMB1         0x00000000         0x00000000         xr
EXTMEMB2         0x00000000         0x00000000         xr
EXTMEMB3         0x00000000         0x00000000         xr
MEMORY_ARRAY     0x00000000         0x00000000         xrw
*default*        0x00000000         0xffffffff

Linker script and memory map

LOAD ./system/src/stm32f1-stdperiph/misc.o
LOAD ./system/src/stm32f1-stdperiph/stm32f10x_dac.o
LOAD ./system/src/stm32f1-stdperiph/stm32f10x_dma.o
LOAD ./system/src/stm32f1-stdperiph/stm32f10x_flash.o
LOAD ./system/src/stm32f1-stdperiph/stm32f10x_gpio.o
LOAD ./system/src/stm32f1-stdperiph/stm32f10x_rcc.o
LOAD ./system/src/stm32f1-stdperiph/stm32f10x_sdio.o
LOAD ./system/src/stm32f1-stdperiph/stm32f10x_tim.o
LOAD ./system/src/newlib/_cxx.o
LOAD ./system/src/newlib/_exit.o
LOAD ./system/src/newlib/_sbrk.o
LOAD ./system/src/newlib/_startup.o
LOAD ./system/src/newlib/_syscalls.o
LOAD ./system/src/newlib/assert.o
LOAD ./system/src/diag/Trace.o
LOAD ./system/src/diag/trace_impl.o
LOAD ./system/src/cortexm/_initialize_hardware.o
LOAD ./system/src/cortexm/_reset_hardware.o
LOAD ./system/src/cortexm/exception_handlers.o
LOAD ./system/src/cmsis/system_stm32f10x.o
LOAD ./system/src/cmsis/vectors_stm32f10x.o
LOAD ./src/audio/wav.o
LOAD ./src/_write.o
LOAD ./src/fatfs_diskio.o
LOAD ./src/main.o
LOAD ./src/sdcard.o
LOAD ./fatfs/ff.o
LOAD d:/dev/arm/armgcc/bin/../lib/gcc/arm-none-eabi/5.3.1/../../../../arm-none-eabi/lib/armv7-m\libstdc++_nano.a
LOAD d:/dev/arm/armgcc/bin/../lib/gcc/arm-none-eabi/5.3.1/../../../../arm-none-eabi/lib/armv7-m\libm.a
START GROUP
LOAD d:/dev/arm/armgcc/bin/../lib/gcc/arm-none-eabi/5.3.1/armv7-m\libgcc.a
LOAD d:/dev/arm/armgcc/bin/../lib/gcc/arm-none-eabi/5.3.1/../../../../arm-none-eabi/lib/armv7-m\libg_nano.a
LOAD d:/dev/arm/armgcc/bin/../lib/gcc/arm-none-eabi/5.3.1/../../../../arm-none-eabi/lib/armv7-m\libc_nano.a
END GROUP
START GROUP
LOAD d:/dev/arm/armgcc/bin/../lib/gcc/arm-none-eabi/5.3.1/armv7-m\libgcc.a
LOAD d:/dev/arm/armgcc/bin/../lib/gcc/arm-none-eabi/5.3.1/../../../../arm-none-eabi/lib/armv7-m\libc_nano.a
END GROUP
                0x2000c000                __stack = (ORIGIN (RAM) + LENGTH (RAM))
                0x2000c000                _estack = __stack
                0x00000400                __Main_Stack_Size = 0x400
                [!provide]                PROVIDE (_Main_Stack_Size, __Main_Stack_Size)
                0x2000bc00                __Main_Stack_Limit = (__stack - __Main_Stack_Size)
                [!provide]                PROVIDE (_Main_Stack_Limit, __Main_Stack_Limit)
                0x00000100                _Minimum_Stack_Size = 0x100
                0x20000518                PROVIDE (_Heap_Begin, _end_noinit)
                0x2000bc00                PROVIDE (_Heap_Limit, (__stack - __Main_Stack_Size))

.isr_vector     0x08000000      0x42c
 FILL mask 0xff
                0x08000000                __vectors_start = ABSOLUTE (.)
                0x08000000                __vectors_start__ = ABSOLUTE (.)
 *(.isr_vector)
 .isr_vector    0x08000000      0x1e4 ./system/src/cmsis/vectors_stm32f10x.o
                0x08000000                __isr_vectors
 *(.cfmconfig)
 *(.after_vectors .after_vectors.*)
 .after_vectors
                0x080001e4      0x114 ./system/src/newlib/_startup.o
                0x080001e4                _start
 .after_vectors
                0x080002f8      0x130 ./system/src/cortexm/exception_handlers.o
                0x080002f8                Reset_Handler
                0x08000300                NMI_Handler
                0x08000304                HardFault_Handler
                0x08000318                HardFault_Handler_C
                0x08000378                MemManage_Handler
                0x0800037c                BusFault_Handler
                0x08000390                BusFault_Handler_C
                0x080003c4                UsageFault_Handler
                0x080003d8                UsageFault_Handler_C
                0x0800040c                SVC_Handler
                0x08000410                DebugMon_Handler
                0x08000414                PendSV_Handler
                0x08000418                SysTick_Handler
 .after_vectors
                0x08000428        0x4 ./system/src/cmsis/vectors_stm32f10x.o
                0x08000428                EXTI2_IRQHandler
                0x08000428                TIM8_TRG_COM_IRQHandler
                0x08000428                TIM8_CC_IRQHandler
                0x08000428                TIM1_CC_IRQHandler
                0x08000428                TIM6_IRQHandler
                0x08000428                PVD_IRQHandler
                0x08000428                SDIO_IRQHandler
                0x08000428                CAN2_RX1_IRQHandler
                0x08000428                EXTI3_IRQHandler
                0x08000428                TIM8_TRG_COM_TIM14_IRQHandler
                0x08000428                TIM1_UP_TIM10_IRQHandler
                0x08000428                TIM8_UP_TIM13_IRQHandler
                0x08000428                EXTI0_IRQHandler
                0x08000428                I2C2_EV_IRQHandler
                0x08000428                CAN1_RX0_IRQHandler
                0x08000428                TIM1_UP_TIM16_IRQHandler
                0x08000428                CAN2_SCE_IRQHandler
                0x08000428                ADC1_2_IRQHandler
                0x08000428                SPI1_IRQHandler
                0x08000428                TAMPER_IRQHandler
                0x08000428                TIM6_DAC_IRQHandler
                0x08000428                TIM1_BRK_TIM9_IRQHandler
                0x08000428                CAN2_RX0_IRQHandler
                0x08000428                TIM8_UP_IRQHandler
                0x08000428                DMA2_Channel2_IRQHandler
                0x08000428                DMA1_Channel4_IRQHandler
                0x08000428                USART3_IRQHandler
                0x08000428                RTC_IRQHandler
                0x08000428                DMA1_Channel7_IRQHandler
                0x08000428                CAN1_RX1_IRQHandler
                0x08000428                UART5_IRQHandler
                0x08000428                ADC3_IRQHandler
                0x08000428                TIM4_IRQHandler
                0x08000428                DMA2_Channel1_IRQHandler
                0x08000428                I2C1_EV_IRQHandler
                0x08000428                DMA1_Channel6_IRQHandler
                0x08000428                UART4_IRQHandler
                0x08000428                DMA2_Channel4_IRQHandler
                0x08000428                TIM3_IRQHandler
                0x08000428                RCC_IRQHandler
                0x08000428                TIM8_BRK_TIM12_IRQHandler
                0x08000428                TIM1_TRG_COM_IRQHandler
                0x08000428                DMA1_Channel1_IRQHandler
                0x08000428                Default_Handler
                0x08000428                CEC_IRQHandler
                0x08000428                EXTI15_10_IRQHandler
                0x08000428                TIM14_IRQHandler
                0x08000428                TIM13_IRQHandler
                0x08000428                TIM12_IRQHandler
                0x08000428                TIM7_IRQHandler
                0x08000428                CAN2_TX_IRQHandler
                0x08000428                TIM5_IRQHandler
                0x08000428                EXTI9_5_IRQHandler
                0x08000428                ETH_WKUP_IRQHandler
                0x08000428                SPI2_IRQHandler
                0x08000428                CAN1_TX_IRQHandler
                0x08000428                DMA2_Channel5_IRQHandler
                0x08000428                DMA1_Channel5_IRQHandler
                0x08000428                EXTI4_IRQHandler
                0x08000428                USB_LP_CAN1_RX0_IRQHandler
                0x08000428                TIM1_TRG_COM_TIM17_IRQHandler
                0x08000428                USB_HP_CAN1_TX_IRQHandler
                0x08000428                DMA1_Channel3_IRQHandler
                0x08000428                FSMC_IRQHandler
                0x08000428                ETH_IRQHandler
                0x08000428                TIM1_UP_IRQHandler
                0x08000428                WWDG_IRQHandler
                0x08000428                TIM2_IRQHandler
                0x08000428                OTG_FS_WKUP_IRQHandler
                0x08000428                TIM1_TRG_COM_TIM11_IRQHandler
                0x08000428                TIM1_BRK_IRQHandler
                0x08000428                EXTI1_IRQHandler
                0x08000428                RTCAlarm_IRQHandler
                0x08000428                DMA2_Channel4_5_IRQHandler
                0x08000428                USART2_IRQHandler
                0x08000428                I2C2_ER_IRQHandler
                0x08000428                DMA1_Channel2_IRQHandler
                0x08000428                TIM8_BRK_IRQHandler
                0x08000428                CAN1_SCE_IRQHandler
                0x08000428                FLASH_IRQHandler
                0x08000428                USART1_IRQHandler
                0x08000428                OTG_FS_IRQHandler
                0x08000428                SPI3_IRQHandler
                0x08000428                I2C1_ER_IRQHandler
                0x08000428                USBWakeUp_IRQHandler
                0x08000428                TIM1_BRK_TIM15_IRQHandler

.inits          0x0800042c       0x28
                0x0800042c                __data_regions_array_start = .
                0x0800042c        0x4 LONG 0x80057cc LOADADDR (.data)
                0x08000430        0x4 LONG 0x20000000 ADDR (.data)
                0x08000434        0x4 LONG 0x20000090 (ADDR (.data) + SIZEOF (.data))
                0x08000438        0x4 LONG 0x80057cc LOADADDR (.data_CCMRAM)
                0x0800043c        0x4 LONG 0x0 ADDR (.data_CCMRAM)
                0x08000440        0x4 LONG 0x0 (ADDR (.data_CCMRAM) + SIZEOF (.data_CCMRAM))
                0x08000444                __data_regions_array_end = .
                0x08000444                __bss_regions_array_start = .
                0x08000444        0x4 LONG 0x20000090 ADDR (.bss)
                0x08000448        0x4 LONG 0x20000518 (ADDR (.bss) + SIZEOF (.bss))
                0x0800044c        0x4 LONG 0x0 ADDR (.bss_CCMRAM)
                0x08000450        0x4 LONG 0x0 (ADDR (.bss_CCMRAM) + SIZEOF (.bss_CCMRAM))
                0x08000454                __bss_regions_array_end = .
 *(.init)
 *(.fini)
                0x08000454                . = ALIGN (0x4)
                0x08000454                PROVIDE (__preinit_array_start, .)
 *(.preinit_array_sysinit .preinit_array_sysinit.*)
 *(.preinit_array_platform .preinit_array_platform.*)
 *(.preinit_array .preinit_array.*)
                0x08000454                PROVIDE (__preinit_array_end, .)
                0x08000454                . = ALIGN (0x4)
                0x08000454                PROVIDE (__init_array_start, .)
 *(SORT(.init_array.*))
 *(.init_array)
                0x08000454                PROVIDE (__init_array_end, .)
                0x08000454                . = ALIGN (0x4)
                0x08000454                PROVIDE (__fini_array_start, .)
 *(SORT(.fini_array.*))
 *(.fini_array)
                0x08000454                PROVIDE (__fini_array_end, .)

.flashtext
 *(.flashtext .flashtext.*)

.text           0x08000454     0x5375
 *(.text .text.*)
 .text.NVIC_PriorityGroupConfig
                0x08000454       0x40 ./system/src/stm32f1-stdperiph/misc.o
                0x08000454                NVIC_PriorityGroupConfig
 .text.NVIC_Init
                0x08000494       0x98 ./system/src/stm32f1-stdperiph/misc.o
                0x08000494                NVIC_Init
 .text.DAC_Init
                0x0800052c      0x118 ./system/src/stm32f1-stdperiph/stm32f10x_dac.o
                0x0800052c                DAC_Init
 .text.DAC_Cmd  0x08000644       0x4c ./system/src/stm32f1-stdperiph/stm32f10x_dac.o
                0x08000644                DAC_Cmd
 .text.DAC_DMACmd
                0x08000690       0x50 ./system/src/stm32f1-stdperiph/stm32f10x_dac.o
                0x08000690                DAC_DMACmd
 .text.DMA_DeInit
                0x080006e0      0x180 ./system/src/stm32f1-stdperiph/stm32f10x_dma.o
                0x080006e0                DMA_DeInit
 .text.DMA_Init
                0x08000860      0x150 ./system/src/stm32f1-stdperiph/stm32f10x_dma.o
                0x08000860                DMA_Init
 .text.DMA_Cmd  0x080009b0       0x8c ./system/src/stm32f1-stdperiph/stm32f10x_dma.o
                0x080009b0                DMA_Cmd
 .text.DMA_ITConfig
                0x08000a3c       0x98 ./system/src/stm32f1-stdperiph/stm32f10x_dma.o
                0x08000a3c                DMA_ITConfig
 .text.DMA_GetFlagStatus
                0x08000ad4      0x170 ./system/src/stm32f1-stdperiph/stm32f10x_dma.o
                0x08000ad4                DMA_GetFlagStatus
 .text.DMA_ClearFlag
                0x08000c44       0x40 ./system/src/stm32f1-stdperiph/stm32f10x_dma.o
                0x08000c44                DMA_ClearFlag
 .text.DMA_GetITStatus
                0x08000c84      0x170 ./system/src/stm32f1-stdperiph/stm32f10x_dma.o
                0x08000c84                DMA_GetITStatus
 .text.DMA_ClearITPendingBit
                0x08000df4       0x40 ./system/src/stm32f1-stdperiph/stm32f10x_dma.o
                0x08000df4                DMA_ClearITPendingBit
 .text.GPIO_Init
                0x08000e34      0x128 ./system/src/stm32f1-stdperiph/stm32f10x_gpio.o
                0x08000e34                GPIO_Init
 .text.GPIO_SetBits
                0x08000f5c       0x60 ./system/src/stm32f1-stdperiph/stm32f10x_gpio.o
                0x08000f5c                GPIO_SetBits
 .text.RCC_AHBPeriphClockCmd
                0x08000fbc       0x4c ./system/src/stm32f1-stdperiph/stm32f10x_rcc.o
                0x08000fbc                RCC_AHBPeriphClockCmd
 .text.RCC_APB2PeriphClockCmd
                0x08001008       0x4c ./system/src/stm32f1-stdperiph/stm32f10x_rcc.o
                0x08001008                RCC_APB2PeriphClockCmd
 .text.RCC_APB1PeriphClockCmd
                0x08001054       0x4c ./system/src/stm32f1-stdperiph/stm32f10x_rcc.o
                0x08001054                RCC_APB1PeriphClockCmd
 .text.SDIO_DeInit
                0x080010a0       0x24 ./system/src/stm32f1-stdperiph/stm32f10x_sdio.o
                0x080010a0                SDIO_DeInit
 .text.SDIO_Init
                0x080010c4       0x94 ./system/src/stm32f1-stdperiph/stm32f10x_sdio.o
                0x080010c4                SDIO_Init
 .text.SDIO_ClockCmd
                0x08001158       0x20 ./system/src/stm32f1-stdperiph/stm32f10x_sdio.o
                0x08001158                SDIO_ClockCmd
 .text.SDIO_SetPowerState
                0x08001178       0x2c ./system/src/stm32f1-stdperiph/stm32f10x_sdio.o
                0x08001178                SDIO_SetPowerState
 .text.SDIO_GetPowerState
                0x080011a4       0x10 ./system/src/stm32f1-stdperiph/stm32f10x_sdio.o
                0x080011a4                SDIO_GetPowerState
 .text.SDIO_ITConfig
                0x080011b4       0x48 ./system/src/stm32f1-stdperiph/stm32f10x_sdio.o
                0x080011b4                SDIO_ITConfig
 .text.SDIO_DMACmd
                0x080011fc       0x20 ./system/src/stm32f1-stdperiph/stm32f10x_sdio.o
                0x080011fc                SDIO_DMACmd
 .text.SDIO_SendCommand
                0x0800121c       0x84 ./system/src/stm32f1-stdperiph/stm32f10x_sdio.o
                0x0800121c                SDIO_SendCommand
 .text.SDIO_GetCommandResponse
                0x080012a0        0xc ./system/src/stm32f1-stdperiph/stm32f10x_sdio.o
                0x080012a0                SDIO_GetCommandResponse
 .text.SDIO_GetResponse
                0x080012ac       0x38 ./system/src/stm32f1-stdperiph/stm32f10x_sdio.o
                0x080012ac                SDIO_GetResponse
 .text.SDIO_DataConfig
                0x080012e4       0xbc ./system/src/stm32f1-stdperiph/stm32f10x_sdio.o
                0x080012e4                SDIO_DataConfig
 .text.SDIO_ReadData
                0x080013a0        0xc ./system/src/stm32f1-stdperiph/stm32f10x_sdio.o
                0x080013a0                SDIO_ReadData
 .text.SDIO_WriteData
                0x080013ac        0xc ./system/src/stm32f1-stdperiph/stm32f10x_sdio.o
                0x080013ac                SDIO_WriteData
 .text.SDIO_GetFlagStatus
                0x080013b8       0xa4 ./system/src/stm32f1-stdperiph/stm32f10x_sdio.o
                0x080013b8                SDIO_GetFlagStatus
 .text.SDIO_ClearFlag
                0x0800145c       0x28 ./system/src/stm32f1-stdperiph/stm32f10x_sdio.o
                0x0800145c                SDIO_ClearFlag
 .text.TIM_Cmd  0x08001484       0xc8 ./system/src/stm32f1-stdperiph/stm32f10x_tim.o
                0x08001484                TIM_Cmd
 .text.TIM_PrescalerConfig
                0x0800154c       0xb4 ./system/src/stm32f1-stdperiph/stm32f10x_tim.o
                0x0800154c                TIM_PrescalerConfig
 .text.TIM_SelectOutputTrigger
                0x08001600       0xac ./system/src/stm32f1-stdperiph/stm32f10x_tim.o
                0x08001600                TIM_SelectOutputTrigger
 .text.TIM_SetAutoreload
                0x080016ac       0xa0 ./system/src/stm32f1-stdperiph/stm32f10x_tim.o
                0x080016ac                TIM_SetAutoreload
 .text.abort    0x0800174c       0x14 ./system/src/newlib/_exit.o
                0x0800174c                abort
 .text._sbrk    0x08001760       0x44 ./system/src/newlib/_sbrk.o
                0x08001760                _sbrk
 .text._exit    0x080017a4       0x20 ./system/src/newlib/_syscalls.o
                0x080017a4                _exit
 .text.initialise_monitor_handles
                0x080017c4       0xa8 ./system/src/newlib/_syscalls.o
                0x080017c4                initialise_monitor_handles
 .text.__initialize_args
                0x0800186c       0xd8 ./system/src/newlib/_syscalls.o
                0x0800186c                __initialize_args
 .text.assert_failed
                0x08001944       0x14 ./system/src/newlib/assert.o
                0x08001944                assert_failed
 .text.trace_printf
                0x08001958       0x30 ./system/src/diag/Trace.o
                0x08001958                trace_printf
 .text.trace_puts
                0x08001988       0x20 ./system/src/diag/Trace.o
                0x08001988                trace_puts
 .text._trace_write_semihosting_debug
                0x080019a8       0x64 ./system/src/diag/trace_impl.o
 .text.trace_write
                0x08001a0c        0x8 ./system/src/diag/trace_impl.o
                0x08001a0c                trace_write
 .text.__initialize_hardware_early
                0x08001a14       0x18 ./system/src/cortexm/_initialize_hardware.o
                0x08001a14                __initialize_hardware_early
 .text.__initialize_hardware
                0x08001a2c        0x8 ./system/src/cortexm/_initialize_hardware.o
                0x08001a2c                __initialize_hardware
 .text.dumpExceptionStack
                0x08001a34       0xf0 ./system/src/cortexm/exception_handlers.o
                0x08001a34                dumpExceptionStack
 .text.isSemihosting
                0x08001b24      0x100 ./system/src/cortexm/exception_handlers.o
                0x08001b24                isSemihosting
 .text.SetSysClockTo72
                0x08001c24       0xc4 ./system/src/cmsis/system_stm32f10x.o
 .text.SetSysClock
                0x08001ce8        0x8 ./system/src/cmsis/system_stm32f10x.o
 .text.SystemInit
                0x08001cf0       0x50 ./system/src/cmsis/system_stm32f10x.o
                0x08001cf0                SystemInit
 .text.SystemCoreClockUpdate
                0x08001d40       0x94 ./system/src/cmsis/system_stm32f10x.o
                0x08001d40                SystemCoreClockUpdate
 .text._ZN3WAVC2EPc
                0x08001dd4      0x110 ./src/audio/wav.o
                0x08001dd4                WAV::WAV(char*)
                0x08001dd4                WAV::WAV(char*)
 .text._ZN3WAV4ReadEPvm
                0x08001ee4       0x70 ./src/audio/wav.o
                0x08001ee4                WAV::Read(void*, unsigned long)
 .text.disk_initialize
                0x08001f54       0x18 ./src/fatfs_diskio.o
                0x08001f54                disk_initialize
 .text.disk_status
                0x08001f6c       0x24 ./src/fatfs_diskio.o
                0x08001f6c                disk_status
 .text.disk_read
                0x08001f90       0x38 ./src/fatfs_diskio.o
                0x08001f90                disk_read
 .text.disk_write
                0x08001fc8       0x38 ./src/fatfs_diskio.o
                0x08001fc8                disk_write
 .text.disk_ioctl
                0x08002000        0x4 ./src/fatfs_diskio.o
                0x08002000                disk_ioctl
 .text._Z11sdcard_initv
                0x08002004       0x4c ./src/main.o
                0x08002004                sdcard_init()
 .text._Z17RCC_Configurationv
                0x08002050       0x28 ./src/main.o
                0x08002050                RCC_Configuration()
 .text._Z18GPIO_Configurationv
                0x08002078       0x44 ./src/main.o
                0x08002078                GPIO_Configuration()
 .text.main     0x080020bc      0x20c ./src/main.o
                0x080020bc                main
 .text.DMA2_Channel3_IRQHandler
                0x080022c8       0x84 ./src/main.o
                0x080022c8                DMA2_Channel3_IRQHandler
 .text._ZL34convert_from_bytes_to_power_of_twot
                0x0800234c       0x14 ./src/sdcard.o
 .text._ZL8CmdErrorv
                0x08002360       0x34 ./src/sdcard.o
 .text._ZL13CmdResp7Errorv
                0x08002394       0x44 ./src/sdcard.o
 .text._ZL13CmdResp3Errorv
                0x080023d8       0x34 ./src/sdcard.o
 .text._ZL13CmdResp2Errorv
                0x0800240c       0x44 ./src/sdcard.o
 .text._ZL13CmdResp1Errorh
                0x08002450      0x120 ./src/sdcard.o
 .text._ZL13CmdResp6ErrorhPt
                0x08002570       0x84 ./src/sdcard.o
 .text._ZL17IsCardProgrammingPh
                0x080025f4      0x194 ./src/sdcard.o
 .text._Z16SD_LowLevel_Initv
                0x08002788       0x74 ./src/sdcard.o
                0x08002788                SD_LowLevel_Init()
 .text._Z24SD_LowLevel_DMA_TxConfigPmm
                0x080027fc       0x64 ./src/sdcard.o
                0x080027fc                SD_LowLevel_DMA_TxConfig(unsigned long*, unsigned long)
 .text._Z24SD_LowLevel_DMA_RxConfigPmm
                0x08002860       0x64 ./src/sdcard.o
                0x08002860                SD_LowLevel_DMA_RxConfig(unsigned long*, unsigned long)
 .text._Z26SD_WaitForDMAEndOfTransferv
                0x080028c4       0x14 ./src/sdcard.o
                0x080028c4                SD_WaitForDMAEndOfTransfer()
 .text.SD_PowerON
                0x080028d8      0x190 ./src/sdcard.o
                0x080028d8                SD_PowerON
 .text.SD_InitializeCards
                0x08002a68      0x110 ./src/sdcard.o
                0x08002a68                SD_InitializeCards
 .text.SD_GetCardInfo
                0x08002b78      0x28c ./src/sdcard.o
                0x08002b78                SD_GetCardInfo
 .text.SD_SetDeviceMode
                0x08002e04       0x14 ./src/sdcard.o
                0x08002e04                SD_SetDeviceMode
 .text.SD_SelectDeselect
                0x08002e18       0x2c ./src/sdcard.o
                0x08002e18                SD_SelectDeselect
 .text.SD_Init  0x08002e44       0xac ./src/sdcard.o
                0x08002e44                SD_Init
 .text.SD_ReadBlock
                0x08002ef0      0x24c ./src/sdcard.o
                0x08002ef0                SD_ReadBlock
 .text.SD_WriteBlock
                0x0800313c      0x338 ./src/sdcard.o
                0x0800313c                SD_WriteBlock
 .text.SD_SendStatus
                0x08003474       0x4c ./src/sdcard.o
                0x08003474                SD_SendStatus
 .text.ld_word  0x080034c0        0xc ./fatfs/ff.o
 .text.ld_dword
                0x080034cc       0x18 ./fatfs/ff.o
 .text.st_word  0x080034e4        0x8 ./fatfs/ff.o
 .text.st_dword
                0x080034ec       0x14 ./fatfs/ff.o
 .text.mem_cpy  0x08003500       0x14 ./fatfs/ff.o
 .text.mem_set  0x08003514        0xc ./fatfs/ff.o
 .text.mem_cmp  0x08003520       0x20 ./fatfs/ff.o
 .text.chk_chr  0x08003540       0x14 ./fatfs/ff.o
 .text.clust2sect
                0x08003554       0x18 ./fatfs/ff.o
 .text.ld_clust
                0x0800356c       0x24 ./fatfs/ff.o
 .text.st_clust
                0x08003590       0x24 ./fatfs/ff.o
 .text.create_name
                0x080035b4      0x110 ./fatfs/ff.o
 .text.get_ldnumber
                0x080036c4       0x58 ./fatfs/ff.o
 .text.validate
                0x0800371c       0x34 ./fatfs/ff.o
 .text.sync_window
                0x08003750       0x54 ./fatfs/ff.o
 .text.move_window
                0x080037a4       0x34 ./fatfs/ff.o
 .text.check_fs
                0x080037d8       0x7c ./fatfs/ff.o
 .text.find_volume
                0x08003854      0x2d4 ./fatfs/ff.o
 .text.put_fat  0x08003b28      0x104 ./fatfs/ff.o
 .text.get_fat  0x08003c2c       0xd4 ./fatfs/ff.o
 .text.dir_sdi  0x08003d00       0xb4 ./fatfs/ff.o
 .text.create_chain
                0x08003db4       0xd0 ./fatfs/ff.o
 .text.remove_chain
                0x08003e84       0x7c ./fatfs/ff.o
 .text.dir_next
                0x08003f00      0x124 ./fatfs/ff.o
 .text.dir_find
                0x08004024       0x58 ./fatfs/ff.o
 .text.follow_path
                0x0800407c       0x90 ./fatfs/ff.o
 .text.dir_alloc
                0x0800410c       0x4c ./fatfs/ff.o
 .text.dir_register
                0x08004158       0x3c ./fatfs/ff.o
 .text.sync_fs  0x08004194       0x8c ./fatfs/ff.o
 .text.f_mount  0x08004220       0x58 ./fatfs/ff.o
                0x08004220                f_mount
 .text.f_open   0x08004278      0x1e0 ./fatfs/ff.o
                0x08004278                f_open
 .text.f_read   0x08004458      0x170 ./fatfs/ff.o
                0x08004458                f_read
 .text.f_sync   0x080045c8       0x9c ./fatfs/ff.o
                0x080045c8                f_sync
 .text.f_close  0x08004664       0x24 ./fatfs/ff.o
                0x08004664                f_close
 .text.f_lseek  0x08004688      0x168 ./fatfs/ff.o
                0x08004688                f_lseek
 .text.f_gets   0x080047f0       0x50 ./fatfs/ff.o
                0x080047f0                f_gets
 .text._Znwj    0x08004840       0x22 d:/dev/arm/armgcc/bin/../lib/gcc/arm-none-eabi/5.3.1/../../../../arm-none-eabi/lib/armv7-m\libstdc++_nano.a(new_op.o)
                0x08004840                operator new(unsigned int)
 *fill*         0x08004862        0x2 
 .text._ZSt15get_new_handlerv
                0x08004864       0x10 d:/dev/arm/armgcc/bin/../lib/gcc/arm-none-eabi/5.3.1/../../../../arm-none-eabi/lib/armv7-m\libstdc++_nano.a(new_handler.o)
                0x08004864                std::get_new_handler()
 .text.__errno  0x08004874        0xc d:/dev/arm/armgcc/bin/../lib/gcc/arm-none-eabi/5.3.1/../../../../arm-none-eabi/lib/armv7-m\libg_nano.a(lib_a-errno.o)
                0x08004874                __errno
 .text.malloc   0x08004880       0x10 d:/dev/arm/armgcc/bin/../lib/gcc/arm-none-eabi/5.3.1/../../../../arm-none-eabi/lib/armv7-m\libg_nano.a(lib_a-malloc.o)
                0x08004880                malloc
 .text._free_r  0x08004890       0x88 d:/dev/arm/armgcc/bin/../lib/gcc/arm-none-eabi/5.3.1/../../../../arm-none-eabi/lib/armv7-m\libg_nano.a(lib_a-nano-freer.o)
                0x08004890                _free_r
 .text._malloc_r
                0x08004918       0xa8 d:/dev/arm/armgcc/bin/../lib/gcc/arm-none-eabi/5.3.1/../../../../arm-none-eabi/lib/armv7-m\libg_nano.a(lib_a-nano-mallocr.o)
                0x08004918                _malloc_r
 .text._sbrk_r  0x080049c0       0x20 d:/dev/arm/armgcc/bin/../lib/gcc/arm-none-eabi/5.3.1/../../../../arm-none-eabi/lib/armv7-m\libg_nano.a(lib_a-sbrkr.o)
                0x080049c0                _sbrk_r
 .text          0x080049e0       0x14 d:/dev/arm/armgcc/bin/../lib/gcc/arm-none-eabi/5.3.1/../../../../arm-none-eabi/lib/armv7-m\libg_nano.a(lib_a-strcmp.o)
                0x080049e0                strcmp
 .text          0x080049f4       0x10 d:/dev/arm/armgcc/bin/../lib/gcc/arm-none-eabi/5.3.1/../../../../arm-none-eabi/lib/armv7-m\libg_nano.a(lib_a-strlen.o)
                0x080049f4                strlen
 .text.strncmp  0x08004a04       0x2a d:/dev/arm/armgcc/bin/../lib/gcc/arm-none-eabi/5.3.1/../../../../arm-none-eabi/lib/armv7-m\libg_nano.a(lib_a-strncmp.o)
                0x08004a04                strncmp
 .text._vsnprintf_r
                0x08004a2e       0x56 d:/dev/arm/armgcc/bin/../lib/gcc/arm-none-eabi/5.3.1/../../../../arm-none-eabi/lib/armv7-m\libg_nano.a(lib_a-vsnprintf.o)
                0x08004a2e                _vsniprintf_r
                0x08004a2e                _vsnprintf_r
 .text.vsnprintf
                0x08004a84       0x1c d:/dev/arm/armgcc/bin/../lib/gcc/arm-none-eabi/5.3.1/../../../../arm-none-eabi/lib/armv7-m\libg_nano.a(lib_a-vsnprintf.o)
                0x08004a84                vsniprintf
                0x08004a84                vsnprintf
 .text.__ssputs_r
                0x08004aa0       0xb2 d:/dev/arm/armgcc/bin/../lib/gcc/arm-none-eabi/5.3.1/../../../../arm-none-eabi/lib/armv7-m\libg_nano.a(lib_a-nano-svfprintf.o)
                0x08004aa0                __ssputs_r
 *fill*         0x08004b52        0x2 
 .text._svfprintf_r
                0x08004b54      0x1e8 d:/dev/arm/armgcc/bin/../lib/gcc/arm-none-eabi/5.3.1/../../../../arm-none-eabi/lib/armv7-m\libg_nano.a(lib_a-nano-svfprintf.o)
                0x08004b54                _svfiprintf_r
                0x08004b54                _svfprintf_r
 .text._printf_common
                0x08004d3c       0xec d:/dev/arm/armgcc/bin/../lib/gcc/arm-none-eabi/5.3.1/../../../../arm-none-eabi/lib/armv7-m\libg_nano.a(lib_a-nano-vfprintf_i.o)
                0x08004d3c                _printf_common
 .text._printf_i
                0x08004e28      0x24c d:/dev/arm/armgcc/bin/../lib/gcc/arm-none-eabi/5.3.1/../../../../arm-none-eabi/lib/armv7-m\libg_nano.a(lib_a-nano-vfprintf_i.o)
                0x08004e28                _printf_i
 .text.memchr   0x08005074       0x1c d:/dev/arm/armgcc/bin/../lib/gcc/arm-none-eabi/5.3.1/../../../../arm-none-eabi/lib/armv7-m\libg_nano.a(lib_a-memchr-stub.o)
                0x08005074                memchr
 .text.memcpy   0x08005090       0x16 d:/dev/arm/armgcc/bin/../lib/gcc/arm-none-eabi/5.3.1/../../../../arm-none-eabi/lib/armv7-m\libg_nano.a(lib_a-memcpy-stub.o)
                0x08005090                memcpy
 .text.memmove  0x080050a6       0x36 d:/dev/arm/armgcc/bin/../lib/gcc/arm-none-eabi/5.3.1/../../../../arm-none-eabi/lib/armv7-m\libg_nano.a(lib_a-memmove.o)
                0x080050a6                memmove
 .text._realloc_r
                0x080050dc       0x4c d:/dev/arm/armgcc/bin/../lib/gcc/arm-none-eabi/5.3.1/../../../../arm-none-eabi/lib/armv7-m\libg_nano.a(lib_a-nano-reallocr.o)
                0x080050dc                _realloc_r
 .text._malloc_usable_size_r
                0x08005128       0x14 d:/dev/arm/armgcc/bin/../lib/gcc/arm-none-eabi/5.3.1/../../../../arm-none-eabi/lib/armv7-m\libg_nano.a(lib_a-nano-msizer.o)
                0x08005128                _malloc_usable_size_r
 *(.rodata .rodata.* .constdata .constdata.*)
 .rodata.str1.4
                0x0800513c       0x27 ./system/src/stm32f1-stdperiph/misc.o
 *fill*         0x08005163        0x1 
 .rodata.str1.4
                0x08005164       0x30 ./system/src/stm32f1-stdperiph/stm32f10x_dac.o
 .rodata.str1.4
                0x08005194       0x30 ./system/src/stm32f1-stdperiph/stm32f10x_dma.o
 .rodata.str1.4
                0x080051c4       0x31 ./system/src/stm32f1-stdperiph/stm32f10x_gpio.o
 *fill*         0x080051f5        0x3 
 .rodata.str1.4
                0x080051f8       0x30 ./system/src/stm32f1-stdperiph/stm32f10x_rcc.o
 .rodata.str1.4
                0x08005228       0x31 ./system/src/stm32f1-stdperiph/stm32f10x_sdio.o
 *fill*         0x08005259        0x3 
 .rodata.str1.4
                0x0800525c       0x30 ./system/src/stm32f1-stdperiph/stm32f10x_tim.o
 .rodata.str1.4
                0x0800528c       0x14 ./system/src/newlib/_exit.o
 .rodata.str1.4
                0x080052a0        0x9 ./system/src/newlib/_syscalls.o
 *fill*         0x080052a9        0x3 
 .rodata.str1.4
                0x080052ac       0x6b ./system/src/newlib/assert.o
                                 0x6f (size before relaxing)
 *fill*         0x08005317        0x1 
 .rodata.str1.4
                0x08005318       0x29 ./system/src/diag/Trace.o
                                 0x2d (size before relaxing)
 *fill*         0x08005341        0x3 
 .rodata.str1.4
                0x08005344      0x146 ./system/src/cortexm/exception_handlers.o
                                0x14a (size before relaxing)
 *fill*         0x0800548a        0x2 
 .rodata.str1.4
                0x0800548c        0xd ./src/audio/wav.o
 *fill*         0x08005499        0x3 
 .rodata.str1.4
                0x0800549c      0x114 ./src/main.o
 .rodata.str1.4
                0x080055b0       0x70 ./src/sdcard.o
 .rodata.str1.4
                0x08005620       0x10 ./fatfs/ff.o
                                  0xf (size before relaxing)
 .rodata._ctype_
                0x08005630      0x101 d:/dev/arm/armgcc/bin/../lib/gcc/arm-none-eabi/5.3.1/../../../../arm-none-eabi/lib/armv7-m\libg_nano.a(lib_a-ctype_.o)
                0x08005630                _ctype_
 *fill*         0x08005731        0x3 
 .rodata.__sf_fake_stdin
                0x08005734       0x20 d:/dev/arm/armgcc/bin/../lib/gcc/arm-none-eabi/5.3.1/../../../../arm-none-eabi/lib/armv7-m\libg_nano.a(lib_a-findfp.o)
                0x08005734                __sf_fake_stdin
 .rodata.__sf_fake_stdout
                0x08005754       0x20 d:/dev/arm/armgcc/bin/../lib/gcc/arm-none-eabi/5.3.1/../../../../arm-none-eabi/lib/armv7-m\libg_nano.a(lib_a-findfp.o)
                0x08005754                __sf_fake_stdout
 .rodata.__sf_fake_stderr
                0x08005774       0x20 d:/dev/arm/armgcc/bin/../lib/gcc/arm-none-eabi/5.3.1/../../../../arm-none-eabi/lib/armv7-m\libg_nano.a(lib_a-findfp.o)
                0x08005774                __sf_fake_stderr
 .rodata.str1.1
                0x08005794        0x2 d:/dev/arm/armgcc/bin/../lib/gcc/arm-none-eabi/5.3.1/../../../../arm-none-eabi/lib/armv7-m\libg_nano.a(lib_a-impure.o)
 .rodata.str1.1
                0x08005796       0x11 d:/dev/arm/armgcc/bin/../lib/gcc/arm-none-eabi/5.3.1/../../../../arm-none-eabi/lib/armv7-m\libg_nano.a(lib_a-nano-svfprintf.o)
 .rodata.str1.1
                0x080057a7       0x22 d:/dev/arm/armgcc/bin/../lib/gcc/arm-none-eabi/5.3.1/../../../../arm-none-eabi/lib/armv7-m\libg_nano.a(lib_a-nano-vfprintf_i.o)
 *(vtable)
 *(.eh_frame*)
 *(.glue_7)
 .glue_7        0x080057c9        0x0 linker stubs
 *(.glue_7t)
 .glue_7t       0x080057c9        0x0 linker stubs

.vfp11_veneer   0x080057cc        0x0
 .vfp11_veneer  0x080057cc        0x0 linker stubs

.v4_bx          0x080057cc        0x0
 .v4_bx         0x080057cc        0x0 linker stubs

.iplt           0x080057cc        0x0
 .iplt          0x080057cc        0x0 ./system/src/stm32f1-stdperiph/misc.o

.rel.dyn        0x080057cc        0x0
 .rel.iplt      0x080057cc        0x0 ./system/src/stm32f1-stdperiph/misc.o

.ARM.extab
 *(.ARM.extab* .gnu.linkonce.armextab.*)
                0x080057cc                . = ALIGN (0x4)
                0x080057cc                __exidx_start = .

.ARM.exidx
 *(.ARM.exidx* .gnu.linkonce.armexidx.*)
                0x080057cc                __exidx_end = .
                0x080057cc                . = ALIGN (0x4)
                0x080057cc                _etext = .
                0x080057cc                __etext = .

.data_CCMRAM    0x00000000        0x0 load address 0x080057cc
 FILL mask 0xff
 *(.data.CCMRAM .data.CCMRAM.*)
                0x00000000                . = ALIGN (0x4)
                0x080057cc                _sidata = LOADADDR (.data)

.data           0x20000000       0x90 load address 0x080057cc
 FILL mask 0xff
                0x20000000                _sdata = .
                0x20000000                __data_start__ = .
 *(.data_begin .data_begin.*)
 .data_begin    0x20000000        0x4 ./system/src/newlib/_startup.o
 *(.data .data.*)
 .data.AHBPrescTable
                0x20000004       0x10 ./system/src/cmsis/system_stm32f10x.o
                0x20000004                AHBPrescTable
 .data.SystemCoreClock
                0x20000014        0x4 ./system/src/cmsis/system_stm32f10x.o
                0x20000014                SystemCoreClock
 .data.CurrentBuf
                0x20000018        0x1 ./src/main.o
                0x20000018                CurrentBuf
 *fill*         0x20000019        0x3 ff
 .data._ZL10DeviceMode
                0x2000001c        0x4 ./src/sdcard.o
 .data.TransferError
                0x20000020        0x1 ./src/sdcard.o
                0x20000020                TransferError
 *fill*         0x20000021        0x3 ff
 .data.__ctype_ptr__
                0x20000024        0x4 d:/dev/arm/armgcc/bin/../lib/gcc/arm-none-eabi/5.3.1/../../../../arm-none-eabi/lib/armv7-m\libg_nano.a(lib_a-ctype_.o)
                0x20000024                __ctype_ptr__
 .data.impure_data
                0x20000028       0x60 d:/dev/arm/armgcc/bin/../lib/gcc/arm-none-eabi/5.3.1/../../../../arm-none-eabi/lib/armv7-m\libg_nano.a(lib_a-impure.o)
 .data._impure_ptr
                0x20000088        0x4 d:/dev/arm/armgcc/bin/../lib/gcc/arm-none-eabi/5.3.1/../../../../arm-none-eabi/lib/armv7-m\libg_nano.a(lib_a-impure.o)
                0x20000088                _impure_ptr
 *(.data_end .data_end.*)
 .data_end      0x2000008c        0x4 ./system/src/newlib/_startup.o
                0x20000090                . = ALIGN (0x4)
                0x20000090                _edata = .
                0x20000090                __data_end__ = .

.igot.plt       0x20000090        0x0 load address 0x0800585c
 .igot.plt      0x20000090        0x0 ./system/src/stm32f1-stdperiph/misc.o

.bss_CCMRAM     0x00000000        0x0
 *(.bss.CCMRAM .bss.CCMRAM.*)

.bss            0x20000090      0x488
                0x20000090                __bss_start__ = .
                0x20000090                _sbss = .
 *(.bss_begin .bss_begin.*)
 .bss_begin     0x20000090        0x4 ./system/src/newlib/_startup.o
 *(.bss .bss.*)
 .bss.current_heap_end.4426
                0x20000094        0x4 ./system/src/newlib/_sbrk.o
 .bss.monitor_stdout
                0x20000098        0x4 ./system/src/newlib/_syscalls.o
 .bss.argv_buf.6211
                0x2000009c       0x28 ./system/src/newlib/_syscalls.o
 .bss.args_buf.6210
                0x200000c4       0x50 ./system/src/newlib/_syscalls.o
 .bss.monitor_stdin
                0x20000114        0x4 ./system/src/newlib/_syscalls.o
 .bss.monitor_stderr
                0x20000118        0x4 ./system/src/newlib/_syscalls.o
 .bss.openfiles
                0x2000011c       0xa0 ./system/src/newlib/_syscalls.o
 .bss.buf.5620  0x200001bc       0x80 ./system/src/diag/Trace.o
 .bss.wav       0x2000023c        0x4 ./src/main.o
                0x2000023c                wav
 .bss.DAC_InitStructure
                0x20000240       0x10 ./src/main.o
                0x20000240                DAC_InitStructure
 .bss.DMA_InitStructure
                0x20000250       0x2c ./src/main.o
                0x20000250                DMA_InitStructure
 .bss.AudioBuf  0x2000027c      0x200 ./src/main.o
                0x2000027c                AudioBuf
 .bss.SDIO_DataInitStructure
                0x2000047c       0x18 ./src/sdcard.o
                0x2000047c                SDIO_DataInitStructure
 .bss._ZL18TotalNumberOfBytes
                0x20000494        0x4 ./src/sdcard.o
 .bss._ZL8CardType
                0x20000498        0x4 ./src/sdcard.o
 .bss._ZL7CID_Tab
                0x2000049c       0x10 ./src/sdcard.o
 .bss._ZL13StopCondition
                0x200004ac        0x4 ./src/sdcard.o
 .bss.TransferEnd
                0x200004b0        0x4 ./src/sdcard.o
                0x200004b0                TransferEnd
 .bss.SDIO_InitStructure
                0x200004b4       0x18 ./src/sdcard.o
                0x200004b4                SDIO_InitStructure
 .bss.SrcBuffer
                0x200004cc        0x4 ./src/sdcard.o
                0x200004cc                SrcBuffer
 .bss._ZL3RCA   0x200004d0        0x4 ./src/sdcard.o
 .bss.SDIO_CmdInitStructure
                0x200004d4       0x14 ./src/sdcard.o
                0x200004d4                SDIO_CmdInitStructure
 .bss.DestBuffer
                0x200004e8        0x4 ./src/sdcard.o
                0x200004e8                DestBuffer
 .bss._ZL7CSD_Tab
                0x200004ec       0x10 ./src/sdcard.o
 .bss.Fsid      0x200004fc        0x2 ./fatfs/ff.o
 *fill*         0x200004fe        0x2 
 .bss.FatFs     0x20000500        0x4 ./fatfs/ff.o
 .bss._ZN12_GLOBAL__N_113__new_handlerE
                0x20000504        0x4 d:/dev/arm/armgcc/bin/../lib/gcc/arm-none-eabi/5.3.1/../../../../arm-none-eabi/lib/armv7-m\libstdc++_nano.a(new_handler.o)
 .bss.__malloc_sbrk_start
                0x20000508        0x4 d:/dev/arm/armgcc/bin/../lib/gcc/arm-none-eabi/5.3.1/../../../../arm-none-eabi/lib/armv7-m\libg_nano.a(lib_a-nano-mallocr.o)
                0x20000508                __malloc_sbrk_start
 .bss.__malloc_free_list
                0x2000050c        0x4 d:/dev/arm/armgcc/bin/../lib/gcc/arm-none-eabi/5.3.1/../../../../arm-none-eabi/lib/armv7-m\libg_nano.a(lib_a-nano-mallocr.o)
                0x2000050c                __malloc_free_list
 *(COMMON)
 COMMON         0x20000510        0x4 ./system/src/newlib/_syscalls.o
                0x20000510                errno
 *(.bss_end .bss_end.*)
 .bss_end       0x20000514        0x4 ./system/src/newlib/_startup.o
                0x20000518                . = ALIGN (0x4)
                0x20000518                __bss_end__ = .
                0x20000518                _ebss = .

.noinit_CCMRAM
 *(.noinit.CCMRAM .noinit.CCMRAM.*)

.noinit         0x20000518        0x0
                0x20000518                _noinit = .
 *(.noinit .noinit.*)
                0x20000518                . = ALIGN (0x4)
                0x20000518                _end_noinit = .
                [!provide]                PROVIDE (end, _end_noinit)
                [!provide]                PROVIDE (_end, _end_noinit)
                [!provide]                PROVIDE (__end, _end_noinit)
                [!provide]                PROVIDE (__end__, _end_noinit)

._check_stack   0x20000518      0x100
                0x20000618                . = (. + _Minimum_Stack_Size)
 *fill*         0x20000518      0x100 

.b1text
 *(.b1text)
 *(.b1rodata)
 *(.b1rodata.*)

.eb0text
 *(.eb0text)
 *(.eb0rodata)
 *(.eb0rodata.*)

.eb1text
 *(.eb1text)
 *(.eb1rodata)
 *(.eb1rodata.*)

.eb2text
 *(.eb2text)
 *(.eb2rodata)
 *(.eb2rodata.*)

.eb3text
 *(.eb3text)
 *(.eb3rodata)
 *(.eb3rodata.*)

.stab
 *(.stab)

.stabstr
 *(.stabstr)

.stab.excl
 *(.stab.excl)

.stab.exclstr
 *(.stab.exclstr)

.stab.index
 *(.stab.index)

.stab.indexstr
 *(.stab.indexstr)

.comment        0x00000000       0x6e
 *(.comment)
 .comment       0x00000000       0x6e ./system/src/stm32f1-stdperiph/misc.o
                                 0x6f (size before relaxing)
 .comment       0x0000006e       0x6f ./system/src/stm32f1-stdperiph/stm32f10x_dac.o
 .comment       0x0000006e       0x6f ./system/src/stm32f1-stdperiph/stm32f10x_dma.o
 .comment       0x0000006e       0x6f ./system/src/stm32f1-stdperiph/stm32f10x_gpio.o
 .comment       0x0000006e       0x6f ./system/src/stm32f1-stdperiph/stm32f10x_rcc.o
 .comment       0x0000006e       0x6f ./system/src/stm32f1-stdperiph/stm32f10x_sdio.o
 .comment       0x0000006e       0x6f ./system/src/stm32f1-stdperiph/stm32f10x_tim.o
 .comment       0x0000006e       0x6f ./system/src/newlib/_exit.o
 .comment       0x0000006e       0x6f ./system/src/newlib/_sbrk.o
 .comment       0x0000006e       0x6f ./system/src/newlib/_startup.o
 .comment       0x0000006e       0x6f ./system/src/newlib/_syscalls.o
 .comment       0x0000006e       0x6f ./system/src/newlib/assert.o
 .comment       0x0000006e       0x6f ./system/src/diag/Trace.o
 .comment       0x0000006e       0x6f ./system/src/diag/trace_impl.o
 .comment       0x0000006e       0x6f ./system/src/cortexm/_initialize_hardware.o
 .comment       0x0000006e       0x6f ./system/src/cortexm/exception_handlers.o
 .comment       0x0000006e       0x6f ./system/src/cmsis/system_stm32f10x.o
 .comment       0x0000006e       0x6f ./system/src/cmsis/vectors_stm32f10x.o
 .comment       0x0000006e       0x6f ./src/audio/wav.o
 .comment       0x0000006e       0x6f ./src/fatfs_diskio.o
 .comment       0x0000006e       0x6f ./src/main.o
 .comment       0x0000006e       0x6f ./src/sdcard.o
 .comment       0x0000006e       0x6f ./fatfs/ff.o

.ARM.attributes
                0x00000000       0x31
 .ARM.attributes
                0x00000000       0x33 ./system/src/stm32f1-stdperiph/misc.o
 .ARM.attributes
                0x00000033       0x33 ./system/src/stm32f1-stdperiph/stm32f10x_dac.o
 .ARM.attributes
                0x00000066       0x33 ./system/src/stm32f1-stdperiph/stm32f10x_dma.o
 .ARM.attributes
                0x00000099       0x33 ./system/src/stm32f1-stdperiph/stm32f10x_gpio.o
 .ARM.attributes
                0x000000cc       0x33 ./system/src/stm32f1-stdperiph/stm32f10x_rcc.o
 .ARM.attributes
                0x000000ff       0x33 ./system/src/stm32f1-stdperiph/stm32f10x_sdio.o
 .ARM.attributes
                0x00000132       0x33 ./system/src/stm32f1-stdperiph/stm32f10x_tim.o
 .ARM.attributes
                0x00000165       0x33 ./system/src/newlib/_exit.o
 .ARM.attributes
                0x00000198       0x33 ./system/src/newlib/_sbrk.o
 .ARM.attributes
                0x000001cb       0x33 ./system/src/newlib/_startup.o
 .ARM.attributes
                0x000001fe       0x33 ./system/src/newlib/_syscalls.o
 .ARM.attributes
                0x00000231       0x33 ./system/src/newlib/assert.o
 .ARM.attributes
                0x00000264       0x33 ./system/src/diag/Trace.o
 .ARM.attributes
                0x00000297       0x33 ./system/src/diag/trace_impl.o
 .ARM.attributes
                0x000002ca       0x33 ./system/src/cortexm/_initialize_hardware.o
 .ARM.attributes
                0x000002fd       0x33 ./system/src/cortexm/exception_handlers.o
 .ARM.attributes
                0x00000330       0x33 ./system/src/cmsis/system_stm32f10x.o
 .ARM.attributes
                0x00000363       0x33 ./system/src/cmsis/vectors_stm32f10x.o
 .ARM.attributes
                0x00000396       0x33 ./src/audio/wav.o
 .ARM.attributes
                0x000003c9       0x33 ./src/fatfs_diskio.o
 .ARM.attributes
                0x000003fc       0x33 ./src/main.o
 .ARM.attributes
                0x0000042f       0x33 ./src/sdcard.o
 .ARM.attributes
                0x00000462       0x33 ./fatfs/ff.o
 .ARM.attributes
                0x00000495       0x2d d:/dev/arm/armgcc/bin/../lib/gcc/arm-none-eabi/5.3.1/../../../../arm-none-eabi/lib/armv7-m\libstdc++_nano.a(new_op.o)
 .ARM.attributes
                0x000004c2       0x2d d:/dev/arm/armgcc/bin/../lib/gcc/arm-none-eabi/5.3.1/../../../../arm-none-eabi/lib/armv7-m\libstdc++_nano.a(new_handler.o)
 .ARM.attributes
                0x000004ef       0x2d d:/dev/arm/armgcc/bin/../lib/gcc/arm-none-eabi/5.3.1/../../../../arm-none-eabi/lib/armv7-m\libg_nano.a(lib_a-ctype_.o)
 .ARM.attributes
                0x0000051c       0x2d d:/dev/arm/armgcc/bin/../lib/gcc/arm-none-eabi/5.3.1/../../../../arm-none-eabi/lib/armv7-m\libg_nano.a(lib_a-errno.o)
 .ARM.attributes
                0x00000549       0x2d d:/dev/arm/armgcc/bin/../lib/gcc/arm-none-eabi/5.3.1/../../../../arm-none-eabi/lib/armv7-m\libg_nano.a(lib_a-findfp.o)
 .ARM.attributes
                0x00000576       0x2d d:/dev/arm/armgcc/bin/../lib/gcc/arm-none-eabi/5.3.1/../../../../arm-none-eabi/lib/armv7-m\libg_nano.a(lib_a-impure.o)
 .ARM.attributes
                0x000005a3       0x2d d:/dev/arm/armgcc/bin/../lib/gcc/arm-none-eabi/5.3.1/../../../../arm-none-eabi/lib/armv7-m\libg_nano.a(lib_a-malloc.o)
 .ARM.attributes
                0x000005d0       0x2d d:/dev/arm/armgcc/bin/../lib/gcc/arm-none-eabi/5.3.1/../../../../arm-none-eabi/lib/armv7-m\libg_nano.a(lib_a-nano-freer.o)
 .ARM.attributes
                0x000005fd       0x2d d:/dev/arm/armgcc/bin/../lib/gcc/arm-none-eabi/5.3.1/../../../../arm-none-eabi/lib/armv7-m\libg_nano.a(lib_a-nano-mallocr.o)
 .ARM.attributes
                0x0000062a       0x2d d:/dev/arm/armgcc/bin/../lib/gcc/arm-none-eabi/5.3.1/../../../../arm-none-eabi/lib/armv7-m\libg_nano.a(lib_a-sbrkr.o)
 .ARM.attributes
                0x00000657       0x1b d:/dev/arm/armgcc/bin/../lib/gcc/arm-none-eabi/5.3.1/../../../../arm-none-eabi/lib/armv7-m\libg_nano.a(lib_a-strcmp.o)
 .ARM.attributes
                0x00000672       0x17 d:/dev/arm/armgcc/bin/../lib/gcc/arm-none-eabi/5.3.1/../../../../arm-none-eabi/lib/armv7-m\libg_nano.a(lib_a-strlen.o)
 .ARM.attributes
                0x00000689       0x2d d:/dev/arm/armgcc/bin/../lib/gcc/arm-none-eabi/5.3.1/../../../../arm-none-eabi/lib/armv7-m\libg_nano.a(lib_a-strncmp.o)
 .ARM.attributes
                0x000006b6       0x2d d:/dev/arm/armgcc/bin/../lib/gcc/arm-none-eabi/5.3.1/../../../../arm-none-eabi/lib/armv7-m\libg_nano.a(lib_a-vsnprintf.o)
 .ARM.attributes
                0x000006e3       0x2d d:/dev/arm/armgcc/bin/../lib/gcc/arm-none-eabi/5.3.1/../../../../arm-none-eabi/lib/armv7-m\libg_nano.a(lib_a-nano-svfprintf.o)
 .ARM.attributes
                0x00000710       0x2d d:/dev/arm/armgcc/bin/../lib/gcc/arm-none-eabi/5.3.1/../../../../arm-none-eabi/lib/armv7-m\libg_nano.a(lib_a-nano-vfprintf_i.o)
 .ARM.attributes
                0x0000073d       0x2d d:/dev/arm/armgcc/bin/../lib/gcc/arm-none-eabi/5.3.1/../../../../arm-none-eabi/lib/armv7-m\libg_nano.a(lib_a-memchr-stub.o)
 .ARM.attributes
                0x0000076a       0x2d d:/dev/arm/armgcc/bin/../lib/gcc/arm-none-eabi/5.3.1/../../../../arm-none-eabi/lib/armv7-m\libg_nano.a(lib_a-memcpy-stub.o)
 .ARM.attributes
                0x00000797       0x2d d:/dev/arm/armgcc/bin/../lib/gcc/arm-none-eabi/5.3.1/../../../../arm-none-eabi/lib/armv7-m\libg_nano.a(lib_a-memmove.o)
 .ARM.attributes
                0x000007c4       0x2d d:/dev/arm/armgcc/bin/../lib/gcc/arm-none-eabi/5.3.1/../../../../arm-none-eabi/lib/armv7-m\libg_nano.a(lib_a-nano-reallocr.o)
 .ARM.attributes
                0x000007f1       0x2d d:/dev/arm/armgcc/bin/../lib/gcc/arm-none-eabi/5.3.1/../../../../arm-none-eabi/lib/armv7-m\libg_nano.a(lib_a-nano-msizer.o)

.debug
 *(.debug)

.line
 *(.line)

.debug_srcinfo
 *(.debug_srcinfo)

.debug_sfnames
 *(.debug_sfnames)

.debug_aranges  0x00000000      0xdf8
 *(.debug_aranges)
 .debug_aranges
                0x00000000       0x40 ./system/src/stm32f1-stdperiph/misc.o
 .debug_aranges
                0x00000040       0x78 ./system/src/stm32f1-stdperiph/stm32f10x_dac.o
 .debug_aranges
                0x000000b8       0x70 ./system/src/stm32f1-stdperiph/stm32f10x_dma.o
 .debug_aranges
                0x00000128       0xa8 ./system/src/stm32f1-stdperiph/stm32f10x_gpio.o
 .debug_aranges
                0x000001d0      0x118 ./system/src/stm32f1-stdperiph/stm32f10x_rcc.o
 .debug_aranges
                0x000002e8      0x108 ./system/src/stm32f1-stdperiph/stm32f10x_sdio.o
 .debug_aranges
                0x000003f0      0x2f0 ./system/src/stm32f1-stdperiph/stm32f10x_tim.o
 .debug_aranges
                0x000006e0       0x28 ./system/src/newlib/_exit.o
 .debug_aranges
                0x00000708       0x20 ./system/src/newlib/_sbrk.o
 .debug_aranges
                0x00000728       0x40 ./system/src/newlib/_startup.o
 .debug_aranges
                0x00000768      0x120 ./system/src/newlib/_syscalls.o
 .debug_aranges
                0x00000888       0x28 ./system/src/newlib/assert.o
 .debug_aranges
                0x000008b0       0x38 ./system/src/diag/Trace.o
 .debug_aranges
                0x000008e8       0x30 ./system/src/diag/trace_impl.o
 .debug_aranges
                0x00000918       0x28 ./system/src/cortexm/_initialize_hardware.o
 .debug_aranges
                0x00000940       0x90 ./system/src/cortexm/exception_handlers.o
 .debug_aranges
                0x000009d0       0x38 ./system/src/cmsis/system_stm32f10x.o
 .debug_aranges
                0x00000a08       0x20 ./system/src/cmsis/vectors_stm32f10x.o
 .debug_aranges
                0x00000a28       0x30 ./src/audio/wav.o
 .debug_aranges
                0x00000a58       0x48 ./src/fatfs_diskio.o
 .debug_aranges
                0x00000aa0       0x48 ./src/main.o
 .debug_aranges
                0x00000ae8      0x140 ./src/sdcard.o
 .debug_aranges
                0x00000c28      0x1d0 ./fatfs/ff.o

.debug_pubnames
 *(.debug_pubnames)

.debug_info     0x00000000    0x13c1c
 *(.debug_info .gnu.linkonce.wi.*)
 .debug_info    0x00000000      0x664 ./system/src/stm32f1-stdperiph/misc.o
 .debug_info    0x00000664      0x783 ./system/src/stm32f1-stdperiph/stm32f10x_dac.o
 .debug_info    0x00000de7      0x718 ./system/src/stm32f1-stdperiph/stm32f10x_dma.o
 .debug_info    0x000014ff      0xbf7 ./system/src/stm32f1-stdperiph/stm32f10x_gpio.o
 .debug_info    0x000020f6      0xc9c ./system/src/stm32f1-stdperiph/stm32f10x_rcc.o
 .debug_info    0x00002d92      0xb85 ./system/src/stm32f1-stdperiph/stm32f10x_sdio.o
 .debug_info    0x00003917     0x3954 ./system/src/stm32f1-stdperiph/stm32f10x_tim.o
 .debug_info    0x0000726b       0xef ./system/src/newlib/_exit.o
 .debug_info    0x0000735a      0x11f ./system/src/newlib/_sbrk.o
 .debug_info    0x00007479      0x45f ./system/src/newlib/_startup.o
 .debug_info    0x000078d8     0x1ed2 ./system/src/newlib/_syscalls.o
 .debug_info    0x000097aa      0x1b9 ./system/src/newlib/assert.o
 .debug_info    0x00009963      0x2e6 ./system/src/diag/Trace.o
 .debug_info    0x00009c49      0x315 ./system/src/diag/trace_impl.o
 .debug_info    0x00009f5e      0x2d2 ./system/src/cortexm/_initialize_hardware.o
 .debug_info    0x0000a230      0x9a4 ./system/src/cortexm/exception_handlers.o
 .debug_info    0x0000abd4      0x4c3 ./system/src/cmsis/system_stm32f10x.o
 .debug_info    0x0000b097       0xd1 ./system/src/cmsis/vectors_stm32f10x.o
 .debug_info    0x0000b168      0x840 ./src/audio/wav.o
 .debug_info    0x0000b9a8      0x4cb ./src/fatfs_diskio.o
 .debug_info    0x0000be73     0x1b13 ./src/main.o
 .debug_info    0x0000d986     0x30a9 ./src/sdcard.o
 .debug_info    0x00010a2f     0x31ed ./fatfs/ff.o

.debug_abbrev   0x00000000     0x28c9
 *(.debug_abbrev)
 .debug_abbrev  0x00000000      0x181 ./system/src/stm32f1-stdperiph/misc.o
 .debug_abbrev  0x00000181      0x1c6 ./system/src/stm32f1-stdperiph/stm32f10x_dac.o
 .debug_abbrev  0x00000347      0x1a0 ./system/src/stm32f1-stdperiph/stm32f10x_dma.o
 .debug_abbrev  0x000004e7      0x1f4 ./system/src/stm32f1-stdperiph/stm32f10x_gpio.o
 .debug_abbrev  0x000006db      0x1f8 ./system/src/stm32f1-stdperiph/stm32f10x_rcc.o
 .debug_abbrev  0x000008d3      0x209 ./system/src/stm32f1-stdperiph/stm32f10x_sdio.o
 .debug_abbrev  0x00000adc      0x1d8 ./system/src/stm32f1-stdperiph/stm32f10x_tim.o
 .debug_abbrev  0x00000cb4       0x8e ./system/src/newlib/_exit.o
 .debug_abbrev  0x00000d42       0xb9 ./system/src/newlib/_sbrk.o
 .debug_abbrev  0x00000dfb      0x1ac ./system/src/newlib/_startup.o
 .debug_abbrev  0x00000fa7      0x41e ./system/src/newlib/_syscalls.o
 .debug_abbrev  0x000013c5       0xab ./system/src/newlib/assert.o
 .debug_abbrev  0x00001470      0x145 ./system/src/diag/Trace.o
 .debug_abbrev  0x000015b5      0x1c8 ./system/src/diag/trace_impl.o
 .debug_abbrev  0x0000177d       0xea ./system/src/cortexm/_initialize_hardware.o
 .debug_abbrev  0x00001867      0x286 ./system/src/cortexm/exception_handlers.o
 .debug_abbrev  0x00001aed      0x159 ./system/src/cmsis/system_stm32f10x.o
 .debug_abbrev  0x00001c46       0x9d ./system/src/cmsis/vectors_stm32f10x.o
 .debug_abbrev  0x00001ce3      0x252 ./src/audio/wav.o
 .debug_abbrev  0x00001f35      0x17f ./src/fatfs_diskio.o
 .debug_abbrev  0x000020b4      0x383 ./src/main.o
 .debug_abbrev  0x00002437      0x274 ./src/sdcard.o
 .debug_abbrev  0x000026ab      0x21e ./fatfs/ff.o

.debug_line     0x00000000     0xaab0
 *(.debug_line)
 .debug_line    0x00000000      0x4b9 ./system/src/stm32f1-stdperiph/misc.o
 .debug_line    0x000004b9      0x674 ./system/src/stm32f1-stdperiph/stm32f10x_dac.o
 .debug_line    0x00000b2d      0x90f ./system/src/stm32f1-stdperiph/stm32f10x_dma.o
 .debug_line    0x0000143c      0x996 ./system/src/stm32f1-stdperiph/stm32f10x_gpio.o
 .debug_line    0x00001dd2      0x8e0 ./system/src/stm32f1-stdperiph/stm32f10x_rcc.o
 .debug_line    0x000026b2      0x8af ./system/src/stm32f1-stdperiph/stm32f10x_sdio.o
 .debug_line    0x00002f61     0x25e3 ./system/src/stm32f1-stdperiph/stm32f10x_tim.o
 .debug_line    0x00005544      0x287 ./system/src/newlib/_exit.o
 .debug_line    0x000057cb      0x239 ./system/src/newlib/_sbrk.o
 .debug_line    0x00005a04      0x2f8 ./system/src/newlib/_startup.o
 .debug_line    0x00005cfc      0x7c3 ./system/src/newlib/_syscalls.o
 .debug_line    0x000064bf      0x2cb ./system/src/newlib/assert.o
 .debug_line    0x0000678a      0x2e6 ./system/src/diag/Trace.o
 .debug_line    0x00006a70      0x576 ./system/src/diag/trace_impl.o
 .debug_line    0x00006fe6      0x41d ./system/src/cortexm/_initialize_hardware.o
 .debug_line    0x00007403      0x653 ./system/src/cortexm/exception_handlers.o
 .debug_line    0x00007a56      0x47d ./system/src/cmsis/system_stm32f10x.o
 .debug_line    0x00007ed3      0x1ad ./system/src/cmsis/vectors_stm32f10x.o
 .debug_line    0x00008080      0x31e ./src/audio/wav.o
 .debug_line    0x0000839e      0x4a1 ./src/fatfs_diskio.o
 .debug_line    0x0000883f      0x652 ./src/main.o
 .debug_line    0x00008e91      0xe90 ./src/sdcard.o
 .debug_line    0x00009d21      0xd8f ./fatfs/ff.o

.debug_frame    0x00000000     0x2ed0
 *(.debug_frame)
 .debug_frame   0x00000000       0x90 ./system/src/stm32f1-stdperiph/misc.o
 .debug_frame   0x00000090      0x158 ./system/src/stm32f1-stdperiph/stm32f10x_dac.o
 .debug_frame   0x000001e8      0x120 ./system/src/stm32f1-stdperiph/stm32f10x_dma.o
 .debug_frame   0x00000308      0x1e8 ./system/src/stm32f1-stdperiph/stm32f10x_gpio.o
 .debug_frame   0x000004f0      0x31c ./system/src/stm32f1-stdperiph/stm32f10x_rcc.o
 .debug_frame   0x0000080c      0x29c ./system/src/stm32f1-stdperiph/stm32f10x_sdio.o
 .debug_frame   0x00000aa8      0x9ec ./system/src/stm32f1-stdperiph/stm32f10x_tim.o
 .debug_frame   0x00001494       0x38 ./system/src/newlib/_exit.o
 .debug_frame   0x000014cc       0x28 ./system/src/newlib/_sbrk.o
 .debug_frame   0x000014f4       0x7c ./system/src/newlib/_startup.o
 .debug_frame   0x00001570      0x3d0 ./system/src/newlib/_syscalls.o
 .debug_frame   0x00001940       0x40 ./system/src/newlib/assert.o
 .debug_frame   0x00001980       0x94 ./system/src/diag/Trace.o
 .debug_frame   0x00001a14       0x60 ./system/src/diag/trace_impl.o
 .debug_frame   0x00001a74       0x40 ./system/src/cortexm/_initialize_hardware.o
 .debug_frame   0x00001ab4      0x164 ./system/src/cortexm/exception_handlers.o
 .debug_frame   0x00001c18       0x68 ./system/src/cmsis/system_stm32f10x.o
 .debug_frame   0x00001c80       0x20 ./system/src/cmsis/vectors_stm32f10x.o
 .debug_frame   0x00001ca0       0x68 ./src/audio/wav.o
 .debug_frame   0x00001d08       0xe8 ./src/fatfs_diskio.o
 .debug_frame   0x00001df0       0xd0 ./src/main.o
 .debug_frame   0x00001ec0      0x494 ./src/sdcard.o
 .debug_frame   0x00002354      0x6dc ./fatfs/ff.o
 .debug_frame   0x00002a30       0x28 d:/dev/arm/armgcc/bin/../lib/gcc/arm-none-eabi/5.3.1/../../../../arm-none-eabi/lib/armv7-m\libstdc++_nano.a(new_op.o)
 .debug_frame   0x00002a58       0x30 d:/dev/arm/armgcc/bin/../lib/gcc/arm-none-eabi/5.3.1/../../../../arm-none-eabi/lib/armv7-m\libstdc++_nano.a(new_handler.o)
 .debug_frame   0x00002a88       0x20 d:/dev/arm/armgcc/bin/../lib/gcc/arm-none-eabi/5.3.1/../../../../arm-none-eabi/lib/armv7-m\libg_nano.a(lib_a-errno.o)
 .debug_frame   0x00002aa8      0x11c d:/dev/arm/armgcc/bin/../lib/gcc/arm-none-eabi/5.3.1/../../../../arm-none-eabi/lib/armv7-m\libg_nano.a(lib_a-findfp.o)
 .debug_frame   0x00002bc4       0x30 d:/dev/arm/armgcc/bin/../lib/gcc/arm-none-eabi/5.3.1/../../../../arm-none-eabi/lib/armv7-m\libg_nano.a(lib_a-malloc.o)
 .debug_frame   0x00002bf4       0x2c d:/dev/arm/armgcc/bin/../lib/gcc/arm-none-eabi/5.3.1/../../../../arm-none-eabi/lib/armv7-m\libg_nano.a(lib_a-nano-freer.o)
 .debug_frame   0x00002c20       0x2c d:/dev/arm/armgcc/bin/../lib/gcc/arm-none-eabi/5.3.1/../../../../arm-none-eabi/lib/armv7-m\libg_nano.a(lib_a-nano-mallocr.o)
 .debug_frame   0x00002c4c       0x2c d:/dev/arm/armgcc/bin/../lib/gcc/arm-none-eabi/5.3.1/../../../../arm-none-eabi/lib/armv7-m\libg_nano.a(lib_a-sbrkr.o)
 .debug_frame   0x00002c78       0x20 d:/dev/arm/armgcc/bin/../lib/gcc/arm-none-eabi/5.3.1/../../../../arm-none-eabi/lib/armv7-m\libg_nano.a(lib_a-strcmp.o)
 .debug_frame   0x00002c98       0x2c d:/dev/arm/armgcc/bin/../lib/gcc/arm-none-eabi/5.3.1/../../../../arm-none-eabi/lib/armv7-m\libg_nano.a(lib_a-strncmp.o)
 .debug_frame   0x00002cc4       0x48 d:/dev/arm/armgcc/bin/../lib/gcc/arm-none-eabi/5.3.1/../../../../arm-none-eabi/lib/armv7-m\libg_nano.a(lib_a-vsnprintf.o)
 .debug_frame   0x00002d0c       0x90 d:/dev/arm/armgcc/bin/../lib/gcc/arm-none-eabi/5.3.1/../../../../arm-none-eabi/lib/armv7-m\libg_nano.a(lib_a-nano-svfprintf.o)
 .debug_frame   0x00002d9c       0x60 d:/dev/arm/armgcc/bin/../lib/gcc/arm-none-eabi/5.3.1/../../../../arm-none-eabi/lib/armv7-m\libg_nano.a(lib_a-nano-vfprintf_i.o)
 .debug_frame   0x00002dfc       0x28 d:/dev/arm/armgcc/bin/../lib/gcc/arm-none-eabi/5.3.1/../../../../arm-none-eabi/lib/armv7-m\libg_nano.a(lib_a-memchr-stub.o)
 .debug_frame   0x00002e24       0x28 d:/dev/arm/armgcc/bin/../lib/gcc/arm-none-eabi/5.3.1/../../../../arm-none-eabi/lib/armv7-m\libg_nano.a(lib_a-memcpy-stub.o)
 .debug_frame   0x00002e4c       0x28 d:/dev/arm/armgcc/bin/../lib/gcc/arm-none-eabi/5.3.1/../../../../arm-none-eabi/lib/armv7-m\libg_nano.a(lib_a-memmove.o)
 .debug_frame   0x00002e74       0x3c d:/dev/arm/armgcc/bin/../lib/gcc/arm-none-eabi/5.3.1/../../../../arm-none-eabi/lib/armv7-m\libg_nano.a(lib_a-nano-reallocr.o)
 .debug_frame   0x00002eb0       0x20 d:/dev/arm/armgcc/bin/../lib/gcc/arm-none-eabi/5.3.1/../../../../arm-none-eabi/lib/armv7-m\libg_nano.a(lib_a-nano-msizer.o)

.debug_str      0x00000000    0x5ceff
 *(.debug_str)
 .debug_str     0x00000000    0x4e786 ./system/src/stm32f1-stdperiph/misc.o
                              0x4e92d (size before relaxing)
 .debug_str     0x0004e786      0x321 ./system/src/stm32f1-stdperiph/stm32f10x_dac.o
                              0x4ea14 (size before relaxing)
 .debug_str     0x0004eaa7      0x6cb ./system/src/stm32f1-stdperiph/stm32f10x_dma.o
                              0x4ede1 (size before relaxing)
 .debug_str     0x0004f172      0x578 ./system/src/stm32f1-stdperiph/stm32f10x_gpio.o
                              0x4ecb6 (size before relaxing)
 .debug_str     0x0004f6ea      0xb27 ./system/src/stm32f1-stdperiph/stm32f10x_rcc.o
                              0x4f285 (size before relaxing)
 .debug_str     0x00050211      0x97c ./system/src/stm32f1-stdperiph/stm32f10x_sdio.o
                              0x4f0c6 (size before relaxing)
 .debug_str     0x00050b8d      0xbef ./system/src/stm32f1-stdperiph/stm32f10x_tim.o
                              0x4f3d1 (size before relaxing)
 .debug_str     0x0005177c     0x414c ./system/src/newlib/_exit.o
                               0x6af5 (size before relaxing)
 .debug_str     0x000558c8      0x4de ./system/src/newlib/_sbrk.o
                               0x5ee0 (size before relaxing)
 .debug_str     0x00055da6      0x25b ./system/src/newlib/_startup.o
                               0x5a44 (size before relaxing)
 .debug_str     0x00056001     0x24f2 ./system/src/newlib/_syscalls.o
                               0x9e6b (size before relaxing)
 .debug_str     0x000584f3       0xd0 ./system/src/newlib/assert.o
                               0x75cf (size before relaxing)
 .debug_str     0x000585c3      0x168 ./system/src/diag/Trace.o
                               0x72c8 (size before relaxing)
 .debug_str     0x0005872b       0xa2 ./system/src/diag/trace_impl.o
                              0x51e78 (size before relaxing)
 .debug_str     0x000587cd       0x5e ./system/src/cortexm/_initialize_hardware.o
                              0x4e795 (size before relaxing)
 .debug_str     0x0005882b      0x1f9 ./system/src/cortexm/exception_handlers.o
                              0x52cc2 (size before relaxing)
 .debug_str     0x00058a24       0xa6 ./system/src/cmsis/system_stm32f10x.o
                              0x4e84a (size before relaxing)
 .debug_str     0x00058aca       0x57 ./system/src/cmsis/vectors_stm32f10x.o
                               0x33a2 (size before relaxing)
 .debug_str     0x00058b21      0xd72 ./src/audio/wav.o
                               0x7faf (size before relaxing)
 .debug_str     0x00059893     0x1158 ./src/fatfs_diskio.o
                              0x4fb4b (size before relaxing)
 .debug_str     0x0005a9eb      0xa62 ./src/main.o
                              0x55a20 (size before relaxing)
 .debug_str     0x0005b44d      0xdbb ./src/sdcard.o
                              0x54590 (size before relaxing)
 .debug_str     0x0005c208      0xcf7 ./fatfs/ff.o
                               0x3c97 (size before relaxing)

.debug_loc      0x00000000     0xb83c
 *(.debug_loc)
 .debug_loc     0x00000000      0x1b5 ./system/src/stm32f1-stdperiph/misc.o
 .debug_loc     0x000001b5      0x469 ./system/src/stm32f1-stdperiph/stm32f10x_dac.o
 .debug_loc     0x0000061e      0x373 ./system/src/stm32f1-stdperiph/stm32f10x_dma.o
 .debug_loc     0x00000991      0x776 ./system/src/stm32f1-stdperiph/stm32f10x_gpio.o
 .debug_loc     0x00001107      0x91f ./system/src/stm32f1-stdperiph/stm32f10x_rcc.o
 .debug_loc     0x00001a26      0x41e ./system/src/stm32f1-stdperiph/stm32f10x_sdio.o
 .debug_loc     0x00001e44     0x2974 ./system/src/stm32f1-stdperiph/stm32f10x_tim.o
 .debug_loc     0x000047b8       0x82 ./system/src/newlib/_sbrk.o
 .debug_loc     0x0000483a      0x265 ./system/src/newlib/_startup.o
 .debug_loc     0x00004a9f      0xf8a ./system/src/newlib/_syscalls.o
 .debug_loc     0x00005a29      0x110 ./system/src/newlib/assert.o
 .debug_loc     0x00005b39      0x102 ./system/src/diag/Trace.o
 .debug_loc     0x00005c3b      0x17c ./system/src/diag/trace_impl.o
 .debug_loc     0x00005db7      0x43a ./system/src/cortexm/exception_handlers.o
 .debug_loc     0x000061f1       0xdf ./system/src/cmsis/system_stm32f10x.o
 .debug_loc     0x000062d0       0xf2 ./src/audio/wav.o
 .debug_loc     0x000063c2      0x2cf ./src/fatfs_diskio.o
 .debug_loc     0x00006691       0xb2 ./src/main.o
 .debug_loc     0x00006743     0x1d46 ./src/sdcard.o
 .debug_loc     0x00008489     0x33b3 ./fatfs/ff.o

.debug_macinfo
 *(.debug_macinfo)

.debug_weaknames
 *(.debug_weaknames)

.debug_funcnames
 *(.debug_funcnames)

.debug_typenames
 *(.debug_typenames)

.debug_varnames
 *(.debug_varnames)
OUTPUT(DACTest.elf elf32-littlearm)

.debug_ranges   0x00000000      0xd68
 .debug_ranges  0x00000000       0x30 ./system/src/stm32f1-stdperiph/misc.o
 .debug_ranges  0x00000030       0x68 ./system/src/stm32f1-stdperiph/stm32f10x_dac.o
 .debug_ranges  0x00000098       0x60 ./system/src/stm32f1-stdperiph/stm32f10x_dma.o
 .debug_ranges  0x000000f8       0x98 ./system/src/stm32f1-stdperiph/stm32f10x_gpio.o
 .debug_ranges  0x00000190      0x108 ./system/src/stm32f1-stdperiph/stm32f10x_rcc.o
 .debug_ranges  0x00000298       0xf8 ./system/src/stm32f1-stdperiph/stm32f10x_sdio.o
 .debug_ranges  0x00000390      0x2e0 ./system/src/stm32f1-stdperiph/stm32f10x_tim.o
 .debug_ranges  0x00000670       0x18 ./system/src/newlib/_exit.o
 .debug_ranges  0x00000688       0x10 ./system/src/newlib/_sbrk.o
 .debug_ranges  0x00000698       0x48 ./system/src/newlib/_startup.o
 .debug_ranges  0x000006e0      0x148 ./system/src/newlib/_syscalls.o
 .debug_ranges  0x00000828       0x18 ./system/src/newlib/assert.o
 .debug_ranges  0x00000840       0x28 ./system/src/diag/Trace.o
 .debug_ranges  0x00000868       0x38 ./system/src/diag/trace_impl.o
 .debug_ranges  0x000008a0       0x18 ./system/src/cortexm/_initialize_hardware.o
 .debug_ranges  0x000008b8       0x98 ./system/src/cortexm/exception_handlers.o
 .debug_ranges  0x00000950       0x28 ./system/src/cmsis/system_stm32f10x.o
 .debug_ranges  0x00000978       0x10 ./system/src/cmsis/vectors_stm32f10x.o
 .debug_ranges  0x00000988       0x20 ./src/audio/wav.o
 .debug_ranges  0x000009a8       0x98 ./src/fatfs_diskio.o
 .debug_ranges  0x00000a40       0x38 ./src/main.o
 .debug_ranges  0x00000a78      0x130 ./src/sdcard.o
 .debug_ranges  0x00000ba8      0x1c0 ./fatfs/ff.o

.debug_macro    0x00000000    0x13cb8
 .debug_macro   0x00000000      0x1b0 ./system/src/stm32f1-stdperiph/misc.o
 .debug_macro   0x000001b0      0x892 ./system/src/stm32f1-stdperiph/misc.o
 .debug_macro   0x00000a42       0x50 ./system/src/stm32f1-stdperiph/misc.o
 .debug_macro   0x00000a92       0x22 ./system/src/stm32f1-stdperiph/misc.o
 .debug_macro   0x00000ab4       0x87 ./system/src/stm32f1-stdperiph/misc.o
 .debug_macro   0x00000b3b       0x44 ./system/src/stm32f1-stdperiph/misc.o
 .debug_macro   0x00000b7f       0xfd ./system/src/stm32f1-stdperiph/misc.o
 .debug_macro   0x00000c7c       0x22 ./system/src/stm32f1-stdperiph/misc.o
 .debug_macro   0x00000c9e      0x1df ./system/src/stm32f1-stdperiph/misc.o
 .debug_macro   0x00000e7d       0x35 ./system/src/stm32f1-stdperiph/misc.o
 .debug_macro   0x00000eb2       0x34 ./system/src/stm32f1-stdperiph/misc.o
 .debug_macro   0x00000ee6      0xb8e ./system/src/stm32f1-stdperiph/misc.o
 .debug_macro   0x00001a74     0x7e6d ./system/src/stm32f1-stdperiph/misc.o
 .debug_macro   0x000098e1      0x2e4 ./system/src/stm32f1-stdperiph/misc.o
 .debug_macro   0x00009bc5      0x144 ./system/src/stm32f1-stdperiph/misc.o
 .debug_macro   0x00009d09      0x3cf ./system/src/stm32f1-stdperiph/misc.o
 .debug_macro   0x0000a0d8       0xc8 ./system/src/stm32f1-stdperiph/misc.o
 .debug_macro   0x0000a1a0      0x17a ./system/src/stm32f1-stdperiph/misc.o
 .debug_macro   0x0000a31a       0xac ./system/src/stm32f1-stdperiph/misc.o
 .debug_macro   0x0000a3c6      0x3ad ./system/src/stm32f1-stdperiph/misc.o
 .debug_macro   0x0000a773       0x9d ./system/src/stm32f1-stdperiph/misc.o
 .debug_macro   0x0000a810      0x2cf ./system/src/stm32f1-stdperiph/misc.o
 .debug_macro   0x0000aadf      0x279 ./system/src/stm32f1-stdperiph/misc.o
 .debug_macro   0x0000ad58      0x2ac ./system/src/stm32f1-stdperiph/misc.o
 .debug_macro   0x0000b004      0x2b4 ./system/src/stm32f1-stdperiph/misc.o
 .debug_macro   0x0000b2b8       0x64 ./system/src/stm32f1-stdperiph/misc.o
 .debug_macro   0x0000b31c       0x82 ./system/src/stm32f1-stdperiph/misc.o
 .debug_macro   0x0000b39e      0x3e2 ./system/src/stm32f1-stdperiph/misc.o
 .debug_macro   0x0000b780       0x58 ./system/src/stm32f1-stdperiph/misc.o
 .debug_macro   0x0000b7d8      0x344 ./system/src/stm32f1-stdperiph/misc.o
 .debug_macro   0x0000bb1c      0x2c4 ./system/src/stm32f1-stdperiph/misc.o
 .debug_macro   0x0000bde0      0x711 ./system/src/stm32f1-stdperiph/misc.o
 .debug_macro   0x0000c4f1      0x222 ./system/src/stm32f1-stdperiph/misc.o
 .debug_macro   0x0000c713       0x34 ./system/src/stm32f1-stdperiph/misc.o
 .debug_macro   0x0000c747       0x35 ./system/src/stm32f1-stdperiph/misc.o
 .debug_macro   0x0000c77c       0x85 ./system/src/stm32f1-stdperiph/misc.o
 .debug_macro   0x0000c801      0x1d4 ./system/src/stm32f1-stdperiph/stm32f10x_dac.o
 .debug_macro   0x0000c9d5       0x8b ./system/src/stm32f1-stdperiph/stm32f10x_dac.o
 .debug_macro   0x0000ca60      0x174 ./system/src/stm32f1-stdperiph/stm32f10x_dac.o
 .debug_macro   0x0000cbd4      0x1fe ./system/src/stm32f1-stdperiph/stm32f10x_dma.o
 .debug_macro   0x0000cdd2      0x3a7 ./system/src/stm32f1-stdperiph/stm32f10x_dma.o
 .debug_macro   0x0000d179      0x1f8 ./system/src/stm32f1-stdperiph/stm32f10x_gpio.o
 .debug_macro   0x0000d371      0x2a6 ./system/src/stm32f1-stdperiph/stm32f10x_gpio.o
 .debug_macro   0x0000d617      0x2c6 ./system/src/stm32f1-stdperiph/stm32f10x_rcc.o
 .debug_macro   0x0000d8dd      0x3dc ./system/src/stm32f1-stdperiph/stm32f10x_rcc.o
 .debug_macro   0x0000dcb9      0x258 ./system/src/stm32f1-stdperiph/stm32f10x_sdio.o
 .debug_macro   0x0000df11      0x33e ./system/src/stm32f1-stdperiph/stm32f10x_sdio.o
 .debug_macro   0x0000e24f      0x1c2 ./system/src/stm32f1-stdperiph/stm32f10x_tim.o
 .debug_macro   0x0000e411      0x70b ./system/src/stm32f1-stdperiph/stm32f10x_tim.o
 .debug_macro   0x0000eb1c      0x182 ./system/src/newlib/_exit.o
 .debug_macro   0x0000ec9e       0x9c ./system/src/newlib/_exit.o
 .debug_macro   0x0000ed3a      0x10e ./system/src/newlib/_exit.o
 .debug_macro   0x0000ee48       0x8d ./system/src/newlib/_exit.o
 .debug_macro   0x0000eed5       0x43 ./system/src/newlib/_exit.o
 .debug_macro   0x0000ef18      0x30d ./system/src/newlib/_exit.o
 .debug_macro   0x0000f225       0x35 ./system/src/newlib/_exit.o
 .debug_macro   0x0000f25a      0x137 ./system/src/newlib/_sbrk.o
 .debug_macro   0x0000f391      0x174 ./system/src/newlib/_sbrk.o
 .debug_macro   0x0000f505       0x10 ./system/src/newlib/_sbrk.o
 .debug_macro   0x0000f515      0x23b ./system/src/newlib/_sbrk.o
 .debug_macro   0x0000f750      0x156 ./system/src/newlib/_startup.o
 .debug_macro   0x0000f8a6       0x52 ./system/src/newlib/_startup.o
 .debug_macro   0x0000f8f8      0x299 ./system/src/newlib/_syscalls.o
 .debug_macro   0x0000fb91       0x10 ./system/src/newlib/_syscalls.o
 .debug_macro   0x0000fba1       0x10 ./system/src/newlib/_syscalls.o
 .debug_macro   0x0000fbb1       0x10 ./system/src/newlib/_syscalls.o
 .debug_macro   0x0000fbc1       0x35 ./system/src/newlib/_syscalls.o
 .debug_macro   0x0000fbf6      0x122 ./system/src/newlib/_syscalls.o
 .debug_macro   0x0000fd18      0x1d3 ./system/src/newlib/_syscalls.o
 .debug_macro   0x0000feeb       0x10 ./system/src/newlib/_syscalls.o
 .debug_macro   0x0000fefb       0x1c ./system/src/newlib/_syscalls.o
 .debug_macro   0x0000ff17       0x10 ./system/src/newlib/_syscalls.o
 .debug_macro   0x0000ff27       0x16 ./system/src/newlib/_syscalls.o
 .debug_macro   0x0000ff3d      0x182 ./system/src/newlib/_syscalls.o
 .debug_macro   0x000100bf       0x16 ./system/src/newlib/_syscalls.o
 .debug_macro   0x000100d5       0x88 ./system/src/newlib/_syscalls.o
 .debug_macro   0x0001015d      0x241 ./system/src/newlib/_syscalls.o
 .debug_macro   0x0001039e       0x16 ./system/src/newlib/_syscalls.o
 .debug_macro   0x000103b4       0x3a ./system/src/newlib/_syscalls.o
 .debug_macro   0x000103ee       0xac ./system/src/newlib/_syscalls.o
 .debug_macro   0x0001049a      0x159 ./system/src/newlib/_syscalls.o
 .debug_macro   0x000105f3       0x16 ./system/src/newlib/_syscalls.o
 .debug_macro   0x00010609       0x22 ./system/src/newlib/_syscalls.o
 .debug_macro   0x0001062b      0x1ad ./system/src/newlib/assert.o
 .debug_macro   0x000107d8       0x1c ./system/src/newlib/assert.o
 .debug_macro   0x000107f4      0x1af ./system/src/diag/Trace.o
 .debug_macro   0x000109a3       0x16 ./system/src/diag/Trace.o
 .debug_macro   0x000109b9       0x97 ./system/src/diag/Trace.o
 .debug_macro   0x00010a50       0xfd ./system/src/diag/Trace.o
 .debug_macro   0x00010b4d       0x52 ./system/src/diag/Trace.o
 .debug_macro   0x00010b9f      0x2bd ./system/src/diag/trace_impl.o
 .debug_macro   0x00010e5c       0x10 ./system/src/diag/trace_impl.o
 .debug_macro   0x00010e6c       0xcf ./system/src/diag/trace_impl.o
 .debug_macro   0x00010f3b       0x19 ./system/src/diag/trace_impl.o
 .debug_macro   0x00010f54       0xbe ./system/src/diag/trace_impl.o
 .debug_macro   0x00011012      0x1aa ./system/src/cortexm/_initialize_hardware.o
 .debug_macro   0x000111bc      0x308 ./system/src/cortexm/exception_handlers.o
 .debug_macro   0x000114c4       0x3b ./system/src/cortexm/exception_handlers.o
 .debug_macro   0x000114ff       0x10 ./system/src/cortexm/exception_handlers.o
 .debug_macro   0x0001150f      0x1ad ./system/src/cmsis/system_stm32f10x.o
 .debug_macro   0x000116bc       0x73 ./system/src/cmsis/vectors_stm32f10x.o
 .debug_macro   0x0001172f      0x1d0 ./src/audio/wav.o
 .debug_macro   0x000118ff       0xe9 ./src/audio/wav.o
 .debug_macro   0x000119e8       0xe7 ./src/audio/wav.o
 .debug_macro   0x00011acf       0x1c ./src/audio/wav.o
 .debug_macro   0x00011aeb      0x17b ./src/audio/wav.o
 .debug_macro   0x00011c66      0x1cd ./src/fatfs_diskio.o
 .debug_macro   0x00011e33       0x8e ./src/fatfs_diskio.o
 .debug_macro   0x00011ec1      0xb8e ./src/fatfs_diskio.o
 .debug_macro   0x00012a4f      0x220 ./src/fatfs_diskio.o
 .debug_macro   0x00012c6f      0x397 ./src/main.o
 .debug_macro   0x00013006       0x97 ./src/main.o
 .debug_macro   0x0001309d      0x104 ./src/main.o
 .debug_macro   0x000131a1       0xe0 ./src/main.o
 .debug_macro   0x00013281      0x40f ./src/sdcard.o
 .debug_macro   0x00013690       0x16 ./src/sdcard.o
 .debug_macro   0x000136a6       0xc5 ./src/sdcard.o
 .debug_macro   0x0001376b      0x461 ./fatfs/ff.o
 .debug_macro   0x00013bcc       0x94 ./fatfs/ff.o
 .debug_macro   0x00013c60       0x58 ./fatfs/ff.o
